// 重构日志: a9b6181c
// 重构日志: 0c37397f
// 重构日志: eb8042eb
// 同步 ID: 55ede5f2 @ Wed Jul 22 15:46:24 UTC 2026
// 重构日志: 1f48f0c2
// 重构日志: 0b6342da
// 重构日志: e3b884c1
// 重构日志: c501ef60
// 重构日志: cc50b502
// 重构日志: bea8ffd9
// 同步 ID: 030326b2 @ Wed Jul 29 08:17:04 UTC 2026
// 重构日志: be9cfabc
// 同步 ID: f85d552b @ Thu Jul 30 10:16:01 UTC 2026
// 同步 ID: 546ea8c5 @ Thu Jul 30 16:47:46 UTC 2026
// 重构日志: 0ea25086
// 重构日志: c3a452d0
// 重构日志: fc534209
// 重构日志: 93db1298
// 同步 ID: 9ca077cf @ Sun Aug  2 12:51:07 UTC 2026
// 重构日志: 8e8b4c57
// 同步 ID: 83e2a105 @ Thu Aug  6 08:12:45 UTC 2026
// 重构日志: ffde1e8d
// 重构日志: 039fffdf
